Archive member included to satisfy reference by file (symbol)

E:/cube/STM32CubeIDE_1.16.1/STM32CubeIDE/plugins/com.st.stm32cube.ide.mcu.externaltools.gnu-tools-for-stm32.12.3.rel1.win32_1.0.200.202406191623/tools/bin/../lib/gcc/arm-none-eabi/12.3.1/../../../../arm-none-eabi/lib/thumb/v7e-m+fp/hard\libm.a(libm_a-w_exp.o)
                              ./Core/Src/SPX24.o (exp)
E:/cube/STM32CubeIDE_1.16.1/STM32CubeIDE/plugins/com.st.stm32cube.ide.mcu.externaltools.gnu-tools-for-stm32.12.3.rel1.win32_1.0.200.202406191623/tools/bin/../lib/gcc/arm-none-eabi/12.3.1/../../../../arm-none-eabi/lib/thumb/v7e-m+fp/hard\libm.a(libm_a-wf_log10.o)
                              ./Core/Src/SPX24.o (log10f)
E:/cube/STM32CubeIDE_1.16.1/STM32CubeIDE/plugins/com.st.stm32cube.ide.mcu.externaltools.gnu-tools-for-stm32.12.3.rel1.win32_1.0.200.202406191623/tools/bin/../lib/gcc/arm-none-eabi/12.3.1/../../../../arm-none-eabi/lib/thumb/v7e-m+fp/hard\libm.a(libm_a-s_finite.o)
                              E:/cube/STM32CubeIDE_1.16.1/STM32CubeIDE/plugins/com.st.stm32cube.ide.mcu.externaltools.gnu-tools-for-stm32.12.3.rel1.win32_1.0.200.202406191623/tools/bin/../lib/gcc/arm-none-eabi/12.3.1/../../../../arm-none-eabi/lib/thumb/v7e-m+fp/hard\libm.a(libm_a-w_exp.o) (finite)
E:/cube/STM32CubeIDE_1.16.1/STM32CubeIDE/plugins/com.st.stm32cube.ide.mcu.externaltools.gnu-tools-for-stm32.12.3.rel1.win32_1.0.200.202406191623/tools/bin/../lib/gcc/arm-none-eabi/12.3.1/../../../../arm-none-eabi/lib/thumb/v7e-m+fp/hard\libm.a(libm_a-sf_nan.o)
                              E:/cube/STM32CubeIDE_1.16.1/STM32CubeIDE/plugins/com.st.stm32cube.ide.mcu.externaltools.gnu-tools-for-stm32.12.3.rel1.win32_1.0.200.202406191623/tools/bin/../lib/gcc/arm-none-eabi/12.3.1/../../../../arm-none-eabi/lib/thumb/v7e-m+fp/hard\libm.a(libm_a-wf_log10.o) (nanf)
E:/cube/STM32CubeIDE_1.16.1/STM32CubeIDE/plugins/com.st.stm32cube.ide.mcu.externaltools.gnu-tools-for-stm32.12.3.rel1.win32_1.0.200.202406191623/tools/bin/../lib/gcc/arm-none-eabi/12.3.1/../../../../arm-none-eabi/lib/thumb/v7e-m+fp/hard\libm.a(libm_a-e_exp.o)
                              E:/cube/STM32CubeIDE_1.16.1/STM32CubeIDE/plugins/com.st.stm32cube.ide.mcu.externaltools.gnu-tools-for-stm32.12.3.rel1.win32_1.0.200.202406191623/tools/bin/../lib/gcc/arm-none-eabi/12.3.1/../../../../arm-none-eabi/lib/thumb/v7e-m+fp/hard\libm.a(libm_a-w_exp.o) (__ieee754_exp)
E:/cube/STM32CubeIDE_1.16.1/STM32CubeIDE/plugins/com.st.stm32cube.ide.mcu.externaltools.gnu-tools-for-stm32.12.3.rel1.win32_1.0.200.202406191623/tools/bin/../lib/gcc/arm-none-eabi/12.3.1/../../../../arm-none-eabi/lib/thumb/v7e-m+fp/hard\libm.a(libm_a-ef_log10.o)
                              E:/cube/STM32CubeIDE_1.16.1/STM32CubeIDE/plugins/com.st.stm32cube.ide.mcu.externaltools.gnu-tools-for-stm32.12.3.rel1.win32_1.0.200.202406191623/tools/bin/../lib/gcc/arm-none-eabi/12.3.1/../../../../arm-none-eabi/lib/thumb/v7e-m+fp/hard\libm.a(libm_a-wf_log10.o) (__ieee754_log10f)
E:/cube/STM32CubeIDE_1.16.1/STM32CubeIDE/plugins/com.st.stm32cube.ide.mcu.externaltools.gnu-tools-for-stm32.12.3.rel1.win32_1.0.200.202406191623/tools/bin/../lib/gcc/arm-none-eabi/12.3.1/../../../../arm-none-eabi/lib/thumb/v7e-m+fp/hard\libm.a(libm_a-math_err.o)
                              E:/cube/STM32CubeIDE_1.16.1/STM32CubeIDE/plugins/com.st.stm32cube.ide.mcu.externaltools.gnu-tools-for-stm32.12.3.rel1.win32_1.0.200.202406191623/tools/bin/../lib/gcc/arm-none-eabi/12.3.1/../../../../arm-none-eabi/lib/thumb/v7e-m+fp/hard\libm.a(libm_a-e_exp.o) (__math_uflow)
E:/cube/STM32CubeIDE_1.16.1/STM32CubeIDE/plugins/com.st.stm32cube.ide.mcu.externaltools.gnu-tools-for-stm32.12.3.rel1.win32_1.0.200.202406191623/tools/bin/../lib/gcc/arm-none-eabi/12.3.1/../../../../arm-none-eabi/lib/thumb/v7e-m+fp/hard\libm.a(libm_a-ef_log.o)
                              E:/cube/STM32CubeIDE_1.16.1/STM32CubeIDE/plugins/com.st.stm32cube.ide.mcu.externaltools.gnu-tools-for-stm32.12.3.rel1.win32_1.0.200.202406191623/tools/bin/../lib/gcc/arm-none-eabi/12.3.1/../../../../arm-none-eabi/lib/thumb/v7e-m+fp/hard\libm.a(libm_a-ef_log10.o) (__ieee754_logf)
E:/cube/STM32CubeIDE_1.16.1/STM32CubeIDE/plugins/com.st.stm32cube.ide.mcu.externaltools.gnu-tools-for-stm32.12.3.rel1.win32_1.0.200.202406191623/tools/bin/../lib/gcc/arm-none-eabi/12.3.1/../../../../arm-none-eabi/lib/thumb/v7e-m+fp/hard\libc_nano.a(libc_a-exit.o)
                              E:/cube/STM32CubeIDE_1.16.1/STM32CubeIDE/plugins/com.st.stm32cube.ide.mcu.externaltools.gnu-tools-for-stm32.12.3.rel1.win32_1.0.200.202406191623/tools/bin/../lib/gcc/arm-none-eabi/12.3.1/../../../../arm-none-eabi/lib/thumb/v7e-m+fp/hard/crt0.o (exit)
E:/cube/STM32CubeIDE_1.16.1/STM32CubeIDE/plugins/com.st.stm32cube.ide.mcu.externaltools.gnu-tools-for-stm32.12.3.rel1.win32_1.0.200.202406191623/tools/bin/../lib/gcc/arm-none-eabi/12.3.1/../../../../arm-none-eabi/lib/thumb/v7e-m+fp/hard\libc_nano.a(libc_a-findfp.o)
[...]
Memory Configuration

Name             Origin             Length             Attributes
RAM              0x20000000         0x00020000         xrw
FLASH            0x08000000         0x00080000         xr
*default*        0x00000000         0xffffffff

Linker script and memory map

LOAD E:/cube/STM32CubeIDE_1.16.1/STM32CubeIDE/plugins/com.st.stm32cube.ide.mcu.externaltools.gnu-tools-for-stm32.12.3.rel1.win32_1.0.200.202406191623/tools/bin/../lib/gcc/arm-none-eabi/12.3.1/thumb/v7e-m+fp/hard/crti.o
LOAD E:/cube/STM32CubeIDE_1.16.1/STM32CubeIDE/plugins/com.st.stm32cube.ide.mcu.externaltools.gnu-tools-for-stm32.12.3.rel1.win32_1.0.200.202406191623/tools/bin/../lib/gcc/arm-none-eabi/12.3.1/thumb/v7e-m+fp/hard/crtbegin.o
LOAD E:/cube/STM32CubeIDE_1.16.1/STM32CubeIDE/plugins/com.st.stm32cube.ide.mcu.externaltools.gnu-tools-for-stm32.12.3.rel1.win32_1.0.200.202406191623/tools/bin/../lib/gcc/arm-none-eabi/12.3.1/../../../../arm-none-eabi/lib/thumb/v7e-m+fp/hard/crt0.o
LOAD ./Core/Src/SPX24.o
LOAD ./Core/Src/main.o
LOAD ./Core/Src/stm32g4xx_hal_msp.o
LOAD ./Core/Src/stm32g4xx_it.o
LOAD ./Core/Src/syscalls.o
LOAD ./Core/Src/sysmem.o
LOAD ./Core/Src/system_stm32g4xx.o
LOAD ./Core/Startup/startup_stm32g474retx.o
LOAD ./Drivers/STM32G4xx_HAL_Driver/Src/stm32g4xx_hal.o
LOAD ./Drivers/STM32G4xx_HAL_Driver/Src/stm32g4xx_hal_adc.o
LOAD ./Drivers/STM32G4xx_HAL_Driver/Src/stm32g4xx_hal_adc_ex.o
LOAD ./Drivers/STM32G4xx_HAL_Driver/Src/stm32g4xx_hal_cortex.o
LOAD ./Drivers/STM32G4xx_HAL_Driver/Src/stm32g4xx_hal_dma.o
LOAD ./Drivers/STM32G4xx_HAL_Driver/Src/stm32g4xx_hal_dma_ex.o
LOAD ./Drivers/STM32G4xx_HAL_Driver/Src/stm32g4xx_hal_exti.o
LOAD ./Drivers/STM32G4xx_HAL_Driver/Src/stm32g4xx_hal_flash.o
LOAD ./Drivers/STM32G4xx_HAL_Driver/Src/stm32g4xx_hal_flash_ex.o
LOAD ./Drivers/STM32G4xx_HAL_Driver/Src/stm32g4xx_hal_flash_ramfunc.o
LOAD ./Drivers/STM32G4xx_HAL_Driver/Src/stm32g4xx_hal_gpio.o
LOAD ./Drivers/STM32G4xx_HAL_Driver/Src/stm32g4xx_hal_pwr.o
LOAD ./Drivers/STM32G4xx_HAL_Driver/Src/stm32g4xx_hal_pwr_ex.o
LOAD ./Drivers/STM32G4xx_HAL_Driver/Src/stm32g4xx_hal_rcc.o
LOAD ./Drivers/STM32G4xx_HAL_Driver/Src/stm32g4xx_hal_rcc_ex.o
LOAD ./Drivers/STM32G4xx_HAL_Driver/Src/stm32g4xx_hal_tim.o
LOAD ./Drivers/STM32G4xx_HAL_Driver/Src/stm32g4xx_hal_tim_ex.o
LOAD ./Drivers/STM32G4xx_HAL_Driver/Src/stm32g4xx_ll_adc.o
START GROUP
LOAD E:/cube/STM32CubeIDE_1.16.1/STM32CubeIDE/plugins/com.st.stm32cube.ide.mcu.externaltools.gnu-tools-for-stm32.12.3.rel1.win32_1.0.200.202406191623/tools/bin/../lib/gcc/arm-none-eabi/12.3.1/../../../../arm-none-eabi/lib/thumb/v7e-m+fp/hard\libstdc++_nano.a
LOAD E:/cube/STM32CubeIDE_1.16.1/STM32CubeIDE/plugins/com.st.stm32cube.ide.mcu.externaltools.gnu-tools-for-stm32.12.3.rel1.win32_1.0.200.202406191623/tools/bin/../lib/gcc/arm-none-eabi/12.3.1/../../../../arm-none-eabi/lib/thumb/v7e-m+fp/hard\libsupc++_nano.a
END GROUP
LOAD E:/cube/STM32CubeIDE_1.16.1/STM32CubeIDE/plugins/com.st.stm32cube.ide.mcu.externaltools.gnu-tools-for-stm32.12.3.rel1.win32_1.0.200.202406191623/tools/bin/../lib/gcc/arm-none-eabi/12.3.1/../../../../arm-none-eabi/lib/thumb/v7e-m+fp/hard\libstdc++_nano.a
LOAD E:/cube/STM32CubeIDE_1.16.1/STM32CubeIDE/plugins/com.st.stm32cube.ide.mcu.externaltools.gnu-tools-for-stm32.12.3.rel1.win32_1.0.200.202406191623/tools/bin/../lib/gcc/arm-none-eabi/12.3.1/../../../../arm-none-eabi/lib/thumb/v7e-m+fp/hard\libm.a
LOAD E:/cube/STM32CubeIDE_1.16.1/STM32CubeIDE/plugins/com.st.stm32cube.ide.mcu.externaltools.gnu-tools-for-stm32.12.3.rel1.win32_1.0.200.202406191623/tools/bin/../lib/gcc/arm-none-eabi/12.3.1/../../../../arm-none-eabi/lib/thumb/v7e-m+fp/hard\libc_nano.a
START GROUP
LOAD E:/cube/STM32CubeIDE_1.16.1/STM32CubeIDE/plugins/com.st.stm32cube.ide.mcu.externaltools.gnu-tools-for-stm32.12.3.rel1.win32_1.0.200.202406191623/tools/bin/../lib/gcc/arm-none-eabi/12.3.1/thumb/v7e-m+fp/hard\libgcc.a
LOAD E:/cube/STM32CubeIDE_1.16.1/STM32CubeIDE/plugins/com.st.stm32cube.ide.mcu.externaltools.gnu-tools-for-stm32.12.3.rel1.win32_1.0.200.202406191623/tools/bin/../lib/gcc/arm-none-eabi/12.3.1/../../../../arm-none-eabi/lib/thumb/v7e-m+fp/hard\libc_nano.a
END GROUP
START GROUP
LOAD E:/cube/STM32CubeIDE_1.16.1/STM32CubeIDE/plugins/com.st.stm32cube.ide.mcu.externaltools.gnu-tools-for-stm32.12.3.rel1.win32_1.0.200.202406191623/tools/bin/../lib/gcc/arm-none-eabi/12.3.1/thumb/v7e-m+fp/hard\libgcc.a
LOAD E:/cube/STM32CubeIDE_1.16.1/STM32CubeIDE/plugins/com.st.stm32cube.ide.mcu.externaltools.gnu-tools-for-stm32.12.3.rel1.win32_1.0.200.202406191623/tools/bin/../lib/gcc/arm-none-eabi/12.3.1/../../../../arm-none-eabi/lib/thumb/v7e-m+fp/hard\libc_nano.a
LOAD E:/cube/STM32CubeIDE_1.16.1/STM32CubeIDE/plugins/com.st.stm32cube.ide.mcu.externaltools.gnu-tools-for-stm32.12.3.rel1.win32_1.0.200.202406191623/tools/bin/../lib/gcc/arm-none-eabi/12.3.1/../../../../arm-none-eabi/lib/thumb/v7e-m+fp/hard\libnosys.a
END GROUP
START GROUP
LOAD E:/cube/STM32CubeIDE_1.16.1/STM32CubeIDE/plugins/com.st.stm32cube.ide.mcu.externaltools.gnu-tools-for-stm32.12.3.rel1.win32_1.0.200.202406191623/tools/bin/../lib/gcc/arm-none-eabi/12.3.1/thumb/v7e-m+fp/hard\libgcc.a
LOAD E:/cube/STM32CubeIDE_1.16.1/STM32CubeIDE/plugins/com.st.stm32cube.ide.mcu.externaltools.gnu-tools-for-stm32.12.3.rel1.win32_1.0.200.202406191623/tools/bin/../lib/gcc/arm-none-eabi/12.3.1/../../../../arm-none-eabi/lib/thumb/v7e-m+fp/hard\libc_nano.a
LOAD E:/cube/STM32CubeIDE_1.16.1/STM32CubeIDE/plugins/com.st.stm32cube.ide.mcu.externaltools.gnu-tools-for-stm32.12.3.rel1.win32_1.0.200.202406191623/tools/bin/../lib/gcc/arm-none-eabi/12.3.1/../../../../arm-none-eabi/lib/thumb/v7e-m+fp/hard\libnosys.a
END GROUP
LOAD E:/cube/STM32CubeIDE_1.16.1/STM32CubeIDE/plugins/com.st.stm32cube.ide.mcu.externaltools.gnu-tools-for-stm32.12.3.rel1.win32_1.0.200.202406191623/tools/bin/../lib/gcc/arm-none-eabi/12.3.1/thumb/v7e-m+fp/hard/crtend.o
LOAD E:/cube/STM32CubeIDE_1.16.1/STM32CubeIDE/plugins/com.st.stm32cube.ide.mcu.externaltools.gnu-tools-for-stm32.12.3.rel1.win32_1.0.200.202406191623/tools/bin/../lib/gcc/arm-none-eabi/12.3.1/thumb/v7e-m+fp/hard/crtn.o
                0x20020000                        _estack = (ORIGIN (RAM) + LENGTH (RAM))
                0x00000200                        _Min_Heap_Size = 0x200
                0x00000400                        _Min_Stack_Size = 0x400

.isr_vector     0x08000000      0x1d8
                0x08000000                        . = ALIGN (0x4)
 *(.isr_vector)
 .isr_vector    0x08000000      0x1d8 ./Core/Startup/startup_stm32g474retx.o
                0x08000000                g_pfnVectors
                0x080001d8                        . = ALIGN (0x4)

.text           0x080001d8     0x3944
                0x080001d8                        . = ALIGN (0x4)
 *(.text)
 .text          0x080001d8       0x40 E:/cube/STM32CubeIDE_1.16.1/STM32CubeIDE/plugins/com.st.stm32cube.ide.mcu.externaltools.gnu-tools-for-stm32.12.3.rel1.win32_1.0.200.202406191623/tools/bin/../lib/gcc/arm-none-eabi/12.3.1/thumb/v7e-m+fp/hard/crtbegin.o
 *(.text*)
 .text._ZN5SPX2410readSensorENS_9PARAMETEREP12GPIO_TypeDeftS2_tS2_t
                0x08000218       0xb8 ./Core/Src/SPX24.o
                0x08000218                SPX24::readSensor(SPX24::PARAMETER, GPIO_TypeDef*, unsigned short, GPIO_TypeDef*, unsigned short, GPIO_TypeDef*, unsigned short)
 .text._ZN5SPX2419getCurrentSetSensorEv
                0x080002d0       0x18 ./Core/Src/SPX24.o
                0x080002d0                SPX24::getCurrentSetSensor()
 .text.HAL_GPIO_EXTI_Callback
                0x080002e8       0x38 ./Core/Src/main.o
                0x080002e8                HAL_GPIO_EXTI_Callback
 .text.HAL_ADC_ConvCpltCallback
                0x08000320       0x94 ./Core/Src/main.o
                0x08000320                HAL_ADC_ConvCpltCallback
 .text.main     0x080003b4       0x3c ./Core/Src/main.o
                0x080003b4                main
 .text._Z18SystemClock_Configv
                0x080003f0       0x94 ./Core/Src/main.o
                0x080003f0                SystemClock_Config()
 .text._ZL12MX_ADC1_Initv
                0x08000484      0x10c ./Core/Src/main.o
 .text._ZL12MX_GPIO_Initv
                0x08000590       0xac ./Core/Src/main.o
 .text.Error_Handler
                0x0800063c        0xc ./Core/Src/main.o
                0x0800063c                Error_Handler
 .text.HAL_MspInit
                0x08000648       0x48 ./Core/Src/stm32g4xx_hal_msp.o
                0x08000648                HAL_MspInit
 .text.HAL_ADC_MspInit
                0x08000690       0xb8 ./Core/Src/stm32g4xx_hal_msp.o
                0x08000690                HAL_ADC_MspInit
 .text.NMI_Handler
                0x08000748        0x8 ./Core/Src/stm32g4xx_it.o
                0x08000748                NMI_Handler
 .text.HardFault_Handler
                0x08000750        0x8 ./Core/Src/stm32g4xx_it.o
                0x08000750                HardFault_Handler
 .text.MemManage_Handler
                0x08000758        0x8 ./Core/Src/stm32g4xx_it.o
                0x08000758                MemManage_Handler
 .text.BusFault_Handler
                0x08000760        0x8 ./Core/Src/stm32g4xx_it.o
                0x08000760                BusFault_Handler
 .text.UsageFault_Handler
                0x08000768        0x8 ./Core/Src/stm32g4xx_it.o
                0x08000768                UsageFault_Handler
 .text.SVC_Handler
                0x08000770        0xe ./Core/Src/stm32g4xx_it.o
                0x08000770                SVC_Handler
 .text.DebugMon_Handler
                0x0800077e        0xe ./Core/Src/stm32g4xx_it.o
                0x0800077e                DebugMon_Handler
 .text.PendSV_Handler
                0x0800078c        0xe ./Core/Src/stm32g4xx_it.o
                0x0800078c                PendSV_Handler
 .text.SysTick_Handler
                0x0800079a        0xc ./Core/Src/stm32g4xx_it.o
                0x0800079a                SysTick_Handler
 .text.EXTI0_IRQHandler
                0x080007a6        0xe ./Core/Src/stm32g4xx_it.o
                0x080007a6                EXTI0_IRQHandler
 .text.ADC1_2_IRQHandler
                0x080007b4       0x14 ./Core/Src/stm32g4xx_it.o
                0x080007b4                ADC1_2_IRQHandler
 .text.SystemInit
                0x080007c8       0x24 ./Core/Src/system_stm32g4xx.o
                0x080007c8                SystemInit
 .text.Reset_Handler
                0x080007ec       0x50 ./Core/Startup/startup_stm32g474retx.o
                0x080007ec                Reset_Handler
 .text.Default_Handler
                0x0800083c        0x2 ./Core/Startup/startup_stm32g474retx.o
                0x0800083c                RTC_Alarm_IRQHandler
                0x0800083c                EXTI2_IRQHandler
                0x0800083c                TIM8_TRG_COM_IRQHandler
                0x0800083c                TIM8_CC_IRQHandler
                0x0800083c                HRTIM1_Master_IRQHandler
                0x0800083c                SPI4_IRQHandler
                0x0800083c                FDCAN3_IT0_IRQHandler
                0x0800083c                TIM1_CC_IRQHandler
                0x0800083c                HRTIM1_FLT_IRQHandler
                0x0800083c                HRTIM1_TIMF_IRQHandler
                0x0800083c                USB_HP_IRQHandler
                0x0800083c                CORDIC_IRQHandler
                0x0800083c                HRTIM1_TIMD_IRQHandler
                0x0800083c                DMA2_Channel8_IRQHandler
                0x0800083c                EXTI3_IRQHandler
                0x0800083c                I2C3_ER_IRQHandler
                0x0800083c                I2C2_EV_IRQHandler
                0x0800083c                FPU_IRQHandler
                0x0800083c                FDCAN1_IT1_IRQHandler
                0x0800083c                TIM1_UP_TIM16_IRQHandler
                0x0800083c                HRTIM1_TIME_IRQHandler
                0x0800083c                SPI1_IRQHandler
                0x0800083c                TIM6_DAC_IRQHandler
                0x0800083c                HRTIM1_TIMC_IRQHandler
                0x0800083c                TIM8_UP_IRQHandler
                0x0800083c                DMA2_Channel2_IRQHandler
                0x0800083c                DMA1_Channel4_IRQHandler
                0x0800083c                TIM20_TRG_COM_IRQHandler
                0x0800083c                USART3_IRQHandler
                0x0800083c                DMA1_Channel7_IRQHandler
                0x0800083c                UART5_IRQHandler
                0x0800083c                ADC3_IRQHandler
                0x0800083c                TIM4_IRQHandler
                0x0800083c                DMA2_Channel1_IRQHandler
                0x0800083c                QUADSPI_IRQHandler
                0x0800083c                I2C1_EV_IRQHandler
                0x0800083c                DMA1_Channel6_IRQHandler
                0x0800083c                UART4_IRQHandler
                0x0800083c                DMA2_Channel4_IRQHandler
                0x0800083c                TIM3_IRQHandler
                0x0800083c                RCC_IRQHandler
                0x0800083c                TIM20_UP_IRQHandler
                0x0800083c                DMA1_Channel1_IRQHandler
                0x0800083c                Default_Handler
                0x0800083c                DMA2_Channel7_IRQHandler
                0x0800083c                RTC_TAMP_LSECSS_IRQHandler
                0x0800083c                FMAC_IRQHandler
                0x0800083c                EXTI15_10_IRQHandler
                0x0800083c                DMA1_Channel8_IRQHandler
                0x0800083c                HRTIM1_TIMA_IRQHandler
                0x0800083c                TIM7_DAC_IRQHandler
                0x0800083c                FDCAN3_IT1_IRQHandler
                0x0800083c                TIM5_IRQHandler
                0x0800083c                UCPD1_IRQHandler
                0x0800083c                I2C3_EV_IRQHandler
                0x0800083c                EXTI9_5_IRQHandler
                0x0800083c                RTC_WKUP_IRQHandler
                0x0800083c                PVD_PVM_IRQHandler
                0x0800083c                SPI2_IRQHandler
                0x0800083c                ADC5_IRQHandler
                0x0800083c                DMA2_Channel5_IRQHandler
                0x0800083c                CRS_IRQHandler
                0x0800083c                DMA1_Channel5_IRQHandler
                0x0800083c                USB_LP_IRQHandler
                0x0800083c                EXTI4_IRQHandler
                0x0800083c                RNG_IRQHandler
                0x0800083c                HRTIM1_TIMB_IRQHandler
                0x0800083c                TIM1_TRG_COM_TIM17_IRQHandler
                0x0800083c                FDCAN2_IT1_IRQHandler
                0x0800083c                DMA1_Channel3_IRQHandler
                0x0800083c                ADC4_IRQHandler
                0x0800083c                WWDG_IRQHandler
                0x0800083c                I2C4_EV_IRQHandler
                0x0800083c                FDCAN2_IT0_IRQHandler
                0x0800083c                LPUART1_IRQHandler
                0x0800083c                DMA2_Channel6_IRQHandler
                0x0800083c                FDCAN1_IT0_IRQHandler
                0x0800083c                TIM2_IRQHandler
                0x0800083c                COMP7_IRQHandler
                0x0800083c                COMP1_2_3_IRQHandler
                0x0800083c                EXTI1_IRQHandler
                0x0800083c                USART2_IRQHandler
                0x0800083c                COMP4_5_6_IRQHandler
                0x0800083c                TIM20_BRK_IRQHandler
                0x0800083c                I2C2_ER_IRQHandler
                0x0800083c                DMA1_Channel2_IRQHandler
                0x0800083c                TIM8_BRK_IRQHandler
                0x0800083c                FLASH_IRQHandler
                0x0800083c                TIM20_CC_IRQHandler
                0x0800083c                USART1_IRQHandler
                0x0800083c                SPI3_IRQHandler
                0x0800083c                I2C1_ER_IRQHandler
                0x0800083c                FMC_IRQHandler
                0x0800083c                LPTIM1_IRQHandler
                0x0800083c                DMAMUX_OVR_IRQHandler
                0x0800083c                I2C4_ER_IRQHandler
                0x0800083c                USBWakeUp_IRQHandler
                0x0800083c                SAI1_IRQHandler
                0x0800083c                DMA2_Channel3_IRQHandler
                0x0800083c                TIM1_BRK_TIM15_IRQHandler
 .text.HAL_Init
                0x0800083e       0x30 ./Drivers/STM32G4xx_HAL_Driver/Src/stm32g4xx_hal.o
                0x0800083e                HAL_Init
 *fill*         0x0800086e        0x2 
 .text.HAL_InitTick
                0x08000870       0x74 ./Drivers/STM32G4xx_HAL_Driver/Src/stm32g4xx_hal.o
                0x08000870                HAL_InitTick
 .text.HAL_IncTick
                0x080008e4       0x24 ./Drivers/STM32G4xx_HAL_Driver/Src/stm32g4xx_hal.o
                0x080008e4                HAL_IncTick
 .text.HAL_GetTick
                0x08000908       0x18 ./Drivers/STM32G4xx_HAL_Driver/Src/stm32g4xx_hal.o
                0x08000908                HAL_GetTick
 .text.LL_ADC_SetCommonClock
                0x08000920       0x26 ./Drivers/STM32G4xx_HAL_Driver/Src/stm32g4xx_hal_adc.o
 .text.LL_ADC_SetCommonPathInternalCh
                0x08000946       0x26 ./Drivers/STM32G4xx_HAL_Driver/Src/stm32g4xx_hal_adc.o
 .text.LL_ADC_GetCommonPathInternalCh
                0x0800096c       0x1c ./Drivers/STM32G4xx_HAL_Driver/Src/stm32g4xx_hal_adc.o
 .text.LL_ADC_SetOffset
                0x08000988       0x48 ./Drivers/STM32G4xx_HAL_Driver/Src/stm32g4xx_hal_adc.o
 .text.LL_ADC_GetOffsetChannel
                0x080009d0       0x2c ./Drivers/STM32G4xx_HAL_Driver/Src/stm32g4xx_hal_adc.o
 .text.LL_ADC_SetOffsetState
                0x080009fc       0x36 ./Drivers/STM32G4xx_HAL_Driver/Src/stm32g4xx_hal_adc.o
 .text.LL_ADC_SetOffsetSign
                0x08000a32       0x36 ./Drivers/STM32G4xx_HAL_Driver/Src/stm32g4xx_hal_adc.o
 .text.LL_ADC_SetOffsetSaturation
                0x08000a68       0x36 ./Drivers/STM32G4xx_HAL_Driver/Src/stm32g4xx_hal_adc.o
 .text.LL_ADC_SetSamplingTimeCommonConfig
                0x08000a9e       0x26 ./Drivers/STM32G4xx_HAL_Driver/Src/stm32g4xx_hal_adc.o
 .text.LL_ADC_REG_IsTriggerSourceSWStart
                0x08000ac4       0x26 ./Drivers/STM32G4xx_HAL_Driver/Src/stm32g4xx_hal_adc.o
 .text.LL_ADC_REG_SetSequencerRanks
                0x08000aea       0x58 ./Drivers/STM32G4xx_HAL_Driver/Src/stm32g4xx_hal_adc.o
 .text.LL_ADC_INJ_IsTriggerSourceSWStart
                0x08000b42       0x26 ./Drivers/STM32G4xx_HAL_Driver/Src/stm32g4xx_hal_adc.o
 .text.LL_ADC_SetChannelSamplingTime
                0x08000b68       0x56 ./Drivers/STM32G4xx_HAL_Driver/Src/stm32g4xx_hal_adc.o
 *fill*         0x08000bbe        0x2 
 .text.LL_ADC_SetChannelSingleDiff
                0x08000bc0       0x48 ./Drivers/STM32G4xx_HAL_Driver/Src/stm32g4xx_hal_adc.o
 .text.LL_ADC_GetMultimode
                0x08000c08       0x1c ./Drivers/STM32G4xx_HAL_Driver/Src/stm32g4xx_hal_adc.o
 .text.LL_ADC_GetMultiDMATransfer
                0x08000c24       0x1c ./Drivers/STM32G4xx_HAL_Driver/Src/stm32g4xx_hal_adc.o
 .text.LL_ADC_DisableDeepPowerDown
                0x08000c40       0x24 ./Drivers/STM32G4xx_HAL_Driver/Src/stm32g4xx_hal_adc.o
 .text.LL_ADC_IsDeepPowerDownEnabled
                0x08000c64       0x28 ./Drivers/STM32G4xx_HAL_Driver/Src/stm32g4xx_hal_adc.o
 .text.LL_ADC_EnableInternalRegulator
                0x08000c8c       0x28 ./Drivers/STM32G4xx_HAL_Driver/Src/stm32g4xx_hal_adc.o
 .text.LL_ADC_IsInternalRegulatorEnabled
                0x08000cb4       0x28 ./Drivers/STM32G4xx_HAL_Driver/Src/stm32g4xx_hal_adc.o
 .text.LL_ADC_Enable
                0x08000cdc       0x28 ./Drivers/STM32G4xx_HAL_Driver/Src/stm32g4xx_hal_adc.o
 .text.LL_ADC_IsEnabled
                0x08000d04       0x26 ./Drivers/STM32G4xx_HAL_Driver/Src/stm32g4xx_hal_adc.o
 .text.LL_ADC_REG_StartConversion
                0x08000d2a       0x28 ./Drivers/STM32G4xx_HAL_Driver/Src/stm32g4xx_hal_adc.o
 .text.LL_ADC_REG_IsConversionOngoing
                0x08000d52       0x26 ./Drivers/STM32G4xx_HAL_Driver/Src/stm32g4xx_hal_adc.o
 .text.LL_ADC_INJ_IsConversionOngoing
                0x08000d78       0x26 ./Drivers/STM32G4xx_HAL_Driver/Src/stm32g4xx_hal_adc.o
 *fill*         0x08000d9e        0x2 
 .text.HAL_ADC_Init
                0x08000da0      0x378 ./Drivers/STM32G4xx_HAL_Driver/Src/stm32g4xx_hal_adc.o
                0x08000da0                HAL_ADC_Init
 .text.HAL_ADC_Start_IT
                0x08001118      0x2b0 ./Drivers/STM32G4xx_HAL_Driver/Src/stm32g4xx_hal_adc.o
                0x08001118                HAL_ADC_Start_IT
 .text.HAL_ADC_GetValue
                0x080013c8       0x1a ./Drivers/STM32G4xx_HAL_Driver/Src/stm32g4xx_hal_adc.o
                0x080013c8                HAL_ADC_GetValue
 *fill*         0x080013e2        0x2 
 .text.HAL_ADC_IRQHandler
                0x080013e4      0x4c0 ./Drivers/STM32G4xx_HAL_Driver/Src/stm32g4xx_hal_adc.o
                0x080013e4                HAL_ADC_IRQHandler
 .text.HAL_ADC_LevelOutOfWindowCallback
                0x080018a4       0x14 ./Drivers/STM32G4xx_HAL_Driver/Src/stm32g4xx_hal_adc.o
                0x080018a4                HAL_ADC_LevelOutOfWindowCallback
 .text.HAL_ADC_ErrorCallback
                0x080018b8       0x14 ./Drivers/STM32G4xx_HAL_Driver/Src/stm32g4xx_hal_adc.o
                0x080018b8                HAL_ADC_ErrorCallback
 .text.HAL_ADC_ConfigChannel
                0x080018cc      0x880 ./Drivers/STM32G4xx_HAL_Driver/Src/stm32g4xx_hal_adc.o
                0x080018cc                HAL_ADC_ConfigChannel
 .text.ADC_Enable
                0x0800214c      0x12c ./Drivers/STM32G4xx_HAL_Driver/Src/stm32g4xx_hal_adc.o
                0x0800214c                ADC_Enable
 .text.LL_ADC_IsEnabled
                0x08002278       0x26 ./Drivers/STM32G4xx_HAL_Driver/Src/stm32g4xx_hal_adc_ex.o
 .text.LL_ADC_REG_IsConversionOngoing
                0x0800229e       0x26 ./Drivers/STM32G4xx_HAL_Driver/Src/stm32g4xx_hal_adc_ex.o
 .text.HAL_ADCEx_InjectedConvCpltCallback
                0x080022c4       0x14 ./Drivers/STM32G4xx_HAL_Driver/Src/stm32g4xx_hal_adc_ex.o
                0x080022c4                HAL_ADCEx_InjectedConvCpltCallback
 .text.HAL_ADCEx_InjectedQueueOverflowCallback
                0x080022d8       0x14 ./Drivers/STM32G4xx_HAL_Driver/Src/stm32g4xx_hal_adc_ex.o
                0x080022d8                HAL_ADCEx_InjectedQueueOverflowCallback
 .text.HAL_ADCEx_LevelOutOfWindow2Callback
                0x080022ec       0x14 ./Drivers/STM32G4xx_HAL_Driver/Src/stm32g4xx_hal_adc_ex.o
                0x080022ec                HAL_ADCEx_LevelOutOfWindow2Callback
 .text.HAL_ADCEx_LevelOutOfWindow3Callback
                0x08002300       0x14 ./Drivers/STM32G4xx_HAL_Driver/Src/stm32g4xx_hal_adc_ex.o
                0x08002300                HAL_ADCEx_LevelOutOfWindow3Callback
 .text.HAL_ADCEx_EndOfSamplingCallback
                0x08002314       0x14 ./Drivers/STM32G4xx_HAL_Driver/Src/stm32g4xx_hal_adc_ex.o
                0x08002314                HAL_ADCEx_EndOfSamplingCallback
 .text.HAL_ADCEx_MultiModeConfigChannel
                0x08002328      0x210 ./Drivers/STM32G4xx_HAL_Driver/Src/stm32g4xx_hal_adc_ex.o
                0x08002328                HAL_ADCEx_MultiModeConfigChannel
 .text.__NVIC_SetPriorityGrouping
                0x08002538       0x48 ./Drivers/STM32G4xx_HAL_Driver/Src/stm32g4xx_hal_cortex.o
 .text.__NVIC_GetPriorityGrouping
                0x08002580       0x1c ./Drivers/STM32G4xx_HAL_Driver/Src/stm32g4xx_hal_cortex.o
 .text.__NVIC_EnableIRQ
                0x0800259c       0x3c ./Drivers/STM32G4xx_HAL_Driver/Src/stm32g4xx_hal_cortex.o
 .text.__NVIC_SetPriority
                0x080025d8       0x54 ./Drivers/STM32G4xx_HAL_Driver/Src/stm32g4xx_hal_cortex.o
 .text.NVIC_EncodePriority
                0x0800262c       0x66 ./Drivers/STM32G4xx_HAL_Driver/Src/stm32g4xx_hal_cortex.o
 *fill*         0x08002692        0x2 
 .text.SysTick_Config
                0x08002694       0x44 ./Drivers/STM32G4xx_HAL_Driver/Src/stm32g4xx_hal_cortex.o
 .text.HAL_NVIC_SetPriorityGrouping
                0x080026d8       0x16 ./Drivers/STM32G4xx_HAL_Driver/Src/stm32g4xx_hal_cortex.o
                0x080026d8                HAL_NVIC_SetPriorityGrouping
 .text.HAL_NVIC_SetPriority
                0x080026ee       0x34 ./Drivers/STM32G4xx_HAL_Driver/Src/stm32g4xx_hal_cortex.o
                0x080026ee                HAL_NVIC_SetPriority
 .text.HAL_NVIC_EnableIRQ
                0x08002722       0x1c ./Drivers/STM32G4xx_HAL_Driver/Src/stm32g4xx_hal_cortex.o
                0x08002722                HAL_NVIC_EnableIRQ
 .text.HAL_SYSTICK_Config
                0x0800273e       0x18 ./Drivers/STM32G4xx_HAL_Driver/Src/stm32g4xx_hal_cortex.o
                0x0800273e                HAL_SYSTICK_Config
 *fill*         0x08002756        0x2 
 .text.HAL_GPIO_Init
                0x08002758      0x304 ./Drivers/STM32G4xx_HAL_Driver/Src/stm32g4xx_hal_gpio.o
                0x08002758                HAL_GPIO_Init
 .text.HAL_GPIO_WritePin
                0x08002a5c       0x30 ./Drivers/STM32G4xx_HAL_Driver/Src/stm32g4xx_hal_gpio.o
                0x08002a5c                HAL_GPIO_WritePin
 .text.HAL_GPIO_EXTI_IRQHandler
                0x08002a8c       0x30 ./Drivers/STM32G4xx_HAL_Driver/Src/stm32g4xx_hal_gpio.o
                0x08002a8c                HAL_GPIO_EXTI_IRQHandler
 .text.HAL_PWREx_ControlVoltageScaling
                0x08002abc      0x148 ./Drivers/STM32G4xx_HAL_Driver/Src/stm32g4xx_hal_pwr_ex.o
                0x08002abc                HAL_PWREx_ControlVoltageScaling
 .text.HAL_PWREx_DisableUCPDDeadBattery
                0x08002c04       0x20 ./Drivers/STM32G4xx_HAL_Driver/Src/stm32g4xx_hal_pwr_ex.o
                0x08002c04                HAL_PWREx_DisableUCPDDeadBattery
 .text.HAL_RCC_OscConfig
                0x08002c24      0x624 ./Drivers/STM32G4xx_HAL_Driver/Src/stm32g4xx_hal_rcc.o
                0x08002c24                HAL_RCC_OscConfig
 .text.HAL_RCC_ClockConfig
                0x08003248      0x278 ./Drivers/STM32G4xx_HAL_Driver/Src/stm32g4xx_hal_rcc.o
                0x08003248                HAL_RCC_ClockConfig
 .text.HAL_RCC_GetSysClockFreq
                0x080034c0       0xc4 ./Drivers/STM32G4xx_HAL_Driver/Src/stm32g4xx_hal_rcc.o
                0x080034c0                HAL_RCC_GetSysClockFreq
 .text.RCC_GetSysClockFreqFromPLLSource
                0x08003584       0x8c ./Drivers/STM32G4xx_HAL_Driver/Src/stm32g4xx_hal_rcc.o
 .text.HAL_RCCEx_PeriphCLKConfig
                0x08003610      0x49c ./Drivers/STM32G4xx_HAL_Driver/Src/stm32g4xx_hal_rcc_ex.o
                0x08003610                HAL_RCCEx_PeriphCLKConfig
 .text.memset   0x08003aac       0x10 E:/cube/STM32CubeIDE_1.16.1/STM32CubeIDE/plugins/com.st.stm32cube.ide.mcu.externaltools.gnu-tools-for-stm32.12.3.rel1.win32_1.0.200.202406191623/tools/bin/../lib/gcc/arm-none-eabi/12.3.1/../../../../arm-none-eabi/lib/thumb/v7e-m+fp/hard\libc_nano.a(libc_a-memset.o)
                0x08003aac                memset
 .text.__libc_init_array
                0x08003abc       0x48 E:/cube/STM32CubeIDE_1.16.1/STM32CubeIDE/plugins/com.st.stm32cube.ide.mcu.externaltools.gnu-tools-for-stm32.12.3.rel1.win32_1.0.200.202406191623/tools/bin/../lib/gcc/arm-none-eabi/12.3.1/../../../../arm-none-eabi/lib/thumb/v7e-m+fp/hard\libc_nano.a(libc_a-init.o)
                0x08003abc                __libc_init_array
 *(.glue_7)
 .glue_7        0x08003b04        0x0 linker stubs
 *(.glue_7t)
 .glue_7t       0x08003b04        0x0 linker stubs
 *(.eh_frame)
 .eh_frame      0x08003b04        0x0 E:/cube/STM32CubeIDE_1.16.1/STM32CubeIDE/plugins/com.st.stm32cube.ide.mcu.externaltools.gnu-tools-for-stm32.12.3.rel1.win32_1.0.200.202406191623/tools/bin/../lib/gcc/arm-none-eabi/12.3.1/thumb/v7e-m+fp/hard/crtbegin.o
 *(.init)
 .init          0x08003b04        0x4 E:/cube/STM32CubeIDE_1.16.1/STM32CubeIDE/plugins/com.st.stm32cube.ide.mcu.externaltools.gnu-tools-for-stm32.12.3.rel1.win32_1.0.200.202406191623/tools/bin/../lib/gcc/arm-none-eabi/12.3.1/thumb/v7e-m+fp/hard/crti.o
                0x08003b04                _init
 .init          0x08003b08        0x8 E:/cube/STM32CubeIDE_1.16.1/STM32CubeIDE/plugins/com.st.stm32cube.ide.mcu.externaltools.gnu-tools-for-stm32.12.3.rel1.win32_1.0.200.202406191623/tools/bin/../lib/gcc/arm-none-eabi/12.3.1/thumb/v7e-m+fp/hard/crtn.o
 *(.fini)
 .fini          0x08003b10        0x4 E:/cube/STM32CubeIDE_1.16.1/STM32CubeIDE/plugins/com.st.stm32cube.ide.mcu.externaltools.gnu-tools-for-stm32.12.3.rel1.win32_1.0.200.202406191623/tools/bin/../lib/gcc/arm-none-eabi/12.3.1/thumb/v7e-m+fp/hard/crti.o
                0x08003b10                _fini
 .fini          0x08003b14        0x8 E:/cube/STM32CubeIDE_1.16.1/STM32CubeIDE/plugins/com.st.stm32cube.ide.mcu.externaltools.gnu-tools-for-stm32.12.3.rel1.win32_1.0.200.202406191623/tools/bin/../lib/gcc/arm-none-eabi/12.3.1/thumb/v7e-m+fp/hard/crtn.o
                0x08003b1c                        . = ALIGN (0x4)
                0x08003b1c                        _etext = .

.vfp11_veneer   0x08003b1c        0x0
 .vfp11_veneer  0x08003b1c        0x0 linker stubs

.v4_bx          0x08003b1c        0x0
 .v4_bx         0x08003b1c        0x0 linker stubs

.iplt           0x08003b1c        0x0
 .iplt          0x08003b1c        0x0 E:/cube/STM32CubeIDE_1.16.1/STM32CubeIDE/plugins/com.st.stm32cube.ide.mcu.externaltools.gnu-tools-for-stm32.12.3.rel1.win32_1.0.200.202406191623/tools/bin/../lib/gcc/arm-none-eabi/12.3.1/thumb/v7e-m+fp/hard/crtbegin.o

.rodata         0x08003b1c       0x10
                0x08003b1c                        . = ALIGN (0x4)
 *(.rodata)
 *(.rodata*)
 .rodata.AHBPrescTable
                0x08003b1c       0x10 ./Core/Src/system_stm32g4xx.o
                0x08003b1c                AHBPrescTable
                0x08003b2c                        . = ALIGN (0x4)

.ARM.extab      0x08003b2c        0x0
                0x08003b2c                        . = ALIGN (0x4)
 *(.ARM.extab* .gnu.linkonce.armextab.*)
                0x08003b2c                        . = ALIGN (0x4)

.ARM            0x08003b2c        0x0
                0x08003b2c                        . = ALIGN (0x4)
                0x08003b2c                        __exidx_start = .
 *(.ARM.exidx*)
                0x08003b2c                        __exidx_end = .
                0x08003b2c                        . = ALIGN (0x4)

.preinit_array  0x08003b2c        0x0
                0x08003b2c                        . = ALIGN (0x4)
                0x08003b2c                        PROVIDE (__preinit_array_start = .)
 *(.preinit_array*)
                0x08003b2c                        PROVIDE (__preinit_array_end = .)
                0x08003b2c                        . = ALIGN (0x4)

.init_array     0x08003b2c        0x4
                0x08003b2c                        . = ALIGN (0x4)
                0x08003b2c                        PROVIDE (__init_array_start = .)
 *(SORT_BY_NAME(.init_array.*))
 *(.init_array*)
 .init_array    0x08003b2c        0x4 E:/cube/STM32CubeIDE_1.16.1/STM32CubeIDE/plugins/com.st.stm32cube.ide.mcu.externaltools.gnu-tools-for-stm32.12.3.rel1.win32_1.0.200.202406191623/tools/bin/../lib/gcc/arm-none-eabi/12.3.1/thumb/v7e-m+fp/hard/crtbegin.o
                0x08003b30                        PROVIDE (__init_array_end = .)
                0x08003b30                        . = ALIGN (0x4)

.fini_array     0x08003b30        0x4
                0x08003b30                        . = ALIGN (0x4)
                [!provide]                        PROVIDE (__fini_array_start = .)
 *(SORT_BY_NAME(.fini_array.*))
 *(.fini_array*)
 .fini_array    0x08003b30        0x4 E:/cube/STM32CubeIDE_1.16.1/STM32CubeIDE/plugins/com.st.stm32cube.ide.mcu.externaltools.gnu-tools-for-stm32.12.3.rel1.win32_1.0.200.202406191623/tools/bin/../lib/gcc/arm-none-eabi/12.3.1/thumb/v7e-m+fp/hard/crtbegin.o
                [!provide]                        PROVIDE (__fini_array_end = .)
                0x08003b34                        . = ALIGN (0x4)
                0x08003b34                        _sidata = LOADADDR (.data)

.rel.dyn        0x08003b34        0x0
 .rel.iplt      0x08003b34        0x0 E:/cube/STM32CubeIDE_1.16.1/STM32CubeIDE/plugins/com.st.stm32cube.ide.mcu.externaltools.gnu-tools-for-stm32.12.3.rel1.win32_1.0.200.202406191623/tools/bin/../lib/gcc/arm-none-eabi/12.3.1/thumb/v7e-m+fp/hard/crtbegin.o

.data           0x20000000        0xc load address 0x08003b34
                0x20000000                        . = ALIGN (0x4)
                0x20000000                        _sdata = .
 *(.data)
 *(.data*)
 .data.SystemCoreClock
                0x20000000        0x4 ./Core/Src/system_stm32g4xx.o
                0x20000000                SystemCoreClock
 .data.uwTickPrio
                0x20000004        0x4 ./Drivers/STM32G4xx_HAL_Driver/Src/stm32g4xx_hal.o
                0x20000004                uwTickPrio
 .data.uwTickFreq
                0x20000008        0x4 ./Drivers/STM32G4xx_HAL_Driver/Src/stm32g4xx_hal.o
                0x20000008                uwTickFreq
 *(.RamFunc)
 *(.RamFunc*)
                0x2000000c                        . = ALIGN (0x4)
                0x2000000c                        _edata = .

.igot.plt       0x2000000c        0x0 load address 0x08003b40
 .igot.plt      0x2000000c        0x0 E:/cube/STM32CubeIDE_1.16.1/STM32CubeIDE/plugins/com.st.stm32cube.ide.mcu.externaltools.gnu-tools-for-stm32.12.3.rel1.win32_1.0.200.202406191623/tools/bin/../lib/gcc/arm-none-eabi/12.3.1/thumb/v7e-m+fp/hard/crtbegin.o
                0x2000000c                        . = ALIGN (0x4)

.bss            0x2000000c       0x9c load address 0x08003b40
                0x2000000c                        _sbss = .
                0x2000000c                        __bss_start__ = _sbss
 *(.bss)
 .bss           0x2000000c       0x1c E:/cube/STM32CubeIDE_1.16.1/STM32CubeIDE/plugins/com.st.stm32cube.ide.mcu.externaltools.gnu-tools-for-stm32.12.3.rel1.win32_1.0.200.202406191623/tools/bin/../lib/gcc/arm-none-eabi/12.3.1/thumb/v7e-m+fp/hard/crtbegin.o
 *(.bss*)
 .bss._ZL15_last_requested
                0x20000028        0x1 ./Core/Src/SPX24.o
 *fill*         0x20000029        0x3 
 .bss.hadc1     0x2000002c       0x6c ./Core/Src/main.o
                0x2000002c                hadc1
 .bss.moisture  0x20000098        0x4 ./Core/Src/main.o
                0x20000098                moisture
 .bss.ph        0x2000009c        0x4 ./Core/Src/main.o
                0x2000009c                ph
 .bss.temperature
                0x200000a0        0x4 ./Core/Src/main.o
                0x200000a0                temperature
 .bss.uwTick    0x200000a4        0x4 ./Drivers/STM32G4xx_HAL_Driver/Src/stm32g4xx_hal.o
                0x200000a4                uwTick
 *(COMMON)
                0x200000a8                        . = ALIGN (0x4)
                0x200000a8                        _ebss = .
                0x200000a8                        __bss_end__ = _ebss

._user_heap_stack
                0x200000a8      0x600 load address 0x08003b40
                0x200000a8                        . = ALIGN (0x8)
                [!provide]                        PROVIDE (end = .)
                0x200000a8                        PROVIDE (_end = .)
                0x200002a8                        . = (. + _Min_Heap_Size)
 *fill*         0x200000a8      0x200 
                0x200006a8                        . = (. + _Min_Stack_Size)
 *fill*         0x200002a8      0x400 
                0x200006a8                        . = ALIGN (0x8)

/DISCARD/
 libc.a(*)
 libm.a(*)
 libgcc.a(*)

.ARM.attributes
                0x00000000       0x30
 *(.ARM.attributes)
 .ARM.attributes
                0x00000000       0x22 E:/cube/STM32CubeIDE_1.16.1/STM32CubeIDE/plugins/com.st.stm32cube.ide.mcu.externaltools.gnu-tools-for-stm32.12.3.rel1.win32_1.0.200.202406191623/tools/bin/../lib/gcc/arm-none-eabi/12.3.1/thumb/v7e-m+fp/hard/crti.o
 .ARM.attributes
                0x00000022       0x34 E:/cube/STM32CubeIDE_1.16.1/STM32CubeIDE/plugins/com.st.stm32cube.ide.mcu.externaltools.gnu-tools-for-stm32.12.3.rel1.win32_1.0.200.202406191623/tools/bin/../lib/gcc/arm-none-eabi/12.3.1/thumb/v7e-m+fp/hard/crtbegin.o
 .ARM.attributes
                0x00000056       0x34 ./Core/Src/SPX24.o
 .ARM.attributes
                0x0000008a       0x34 ./Core/Src/main.o
 .ARM.attributes
                0x000000be       0x34 ./Core/Src/stm32g4xx_hal_msp.o
 .ARM.attributes
                0x000000f2       0x34 ./Core/Src/stm32g4xx_it.o
 .ARM.attributes
                0x00000126       0x34 ./Core/Src/system_stm32g4xx.o
 .ARM.attributes
                0x0000015a       0x21 ./Core/Startup/startup_stm32g474retx.o
 .ARM.attributes
                0x0000017b       0x34 ./Drivers/STM32G4xx_HAL_Driver/Src/stm32g4xx_hal.o
 .ARM.attributes
                0x000001af       0x34 ./Drivers/STM32G4xx_HAL_Driver/Src/stm32g4xx_hal_adc.o
 .ARM.attributes
                0x000001e3       0x34 ./Drivers/STM32G4xx_HAL_Driver/Src/stm32g4xx_hal_adc_ex.o
 .ARM.attributes
                0x00000217       0x34 ./Drivers/STM32G4xx_HAL_Driver/Src/stm32g4xx_hal_cortex.o
 .ARM.attributes
                0x0000024b       0x34 ./Drivers/STM32G4xx_HAL_Driver/Src/stm32g4xx_hal_gpio.o
 .ARM.attributes
                0x0000027f       0x34 ./Drivers/STM32G4xx_HAL_Driver/Src/stm32g4xx_hal_pwr_ex.o
 .ARM.attributes
                0x000002b3       0x34 ./Drivers/STM32G4xx_HAL_Driver/Src/stm32g4xx_hal_rcc.o
 .ARM.attributes
                0x000002e7       0x34 ./Drivers/STM32G4xx_HAL_Driver/Src/stm32g4xx_hal_rcc_ex.o
 .ARM.attributes
                0x0000031b       0x34 E:/cube/STM32CubeIDE_1.16.1/STM32CubeIDE/plugins/com.st.stm32cube.ide.mcu.externaltools.gnu-tools-for-stm32.12.3.rel1.win32_1.0.200.202406191623/tools/bin/../lib/gcc/arm-none-eabi/12.3.1/../../../../arm-none-eabi/lib/thumb/v7e-m+fp/hard\libc_nano.a(libc_a-memset.o)
 .ARM.attributes
                0x0000034f       0x34 E:/cube/STM32CubeIDE_1.16.1/STM32CubeIDE/plugins/com.st.stm32cube.ide.mcu.externaltools.gnu-tools-for-stm32.12.3.rel1.win32_1.0.200.202406191623/tools/bin/../lib/gcc/arm-none-eabi/12.3.1/../../../../arm-none-eabi/lib/thumb/v7e-m+fp/hard\libc_nano.a(libc_a-init.o)
 .ARM.attributes
                0x00000383       0x22 E:/cube/STM32CubeIDE_1.16.1/STM32CubeIDE/plugins/com.st.stm32cube.ide.mcu.externaltools.gnu-tools-for-stm32.12.3.rel1.win32_1.0.200.202406191623/tools/bin/../lib/gcc/arm-none-eabi/12.3.1/thumb/v7e-m+fp/hard/crtn.o
OUTPUT(SPX24.elf elf32-littlearm)
LOAD linker stubs
LOAD E:/cube/STM32CubeIDE_1.16.1/STM32CubeIDE/plugins/com.st.stm32cube.ide.mcu.externaltools.gnu-tools-for-stm32.12.3.rel1.win32_1.0.200.202406191623/tools/bin/../lib/gcc/arm-none-eabi/12.3.1/../../../../arm-none-eabi/lib/thumb/v7e-m+fp/hard\libc.a
LOAD E:/cube/STM32CubeIDE_1.16.1/STM32CubeIDE/plugins/com.st.stm32cube.ide.mcu.externaltools.gnu-tools-for-stm32.12.3.rel1.win32_1.0.200.202406191623/tools/bin/../lib/gcc/arm-none-eabi/12.3.1/../../../../arm-none-eabi/lib/thumb/v7e-m+fp/hard\libm.a
LOAD E:/cube/STM32CubeIDE_1.16.1/STM32CubeIDE/plugins/com.st.stm32cube.ide.mcu.externaltools.gnu-tools-for-stm32.12.3.rel1.win32_1.0.200.202406191623/tools/bin/../lib/gcc/arm-none-eabi/12.3.1/thumb/v7e-m+fp/hard\libgcc.a

.debug_info     0x00000000     0xba09
 .debug_info    0x00000000      0x4f8 ./Core/Src/SPX24.o
 .debug_info    0x000004f8     0x14e2 ./Core/Src/main.o
 .debug_info    0x000019da     0x111e ./Core/Src/stm32g4xx_hal_msp.o
 .debug_info    0x00002af8      0x91b ./Core/Src/stm32g4xx_it.o
 .debug_info    0x00003413      0x58e ./Core/Src/system_stm32g4xx.o
 .debug_info    0x000039a1       0x30 ./Core/Startup/startup_stm32g474retx.o
 .debug_info    0x000039d1      0xb95 ./Drivers/STM32G4xx_HAL_Driver/Src/stm32g4xx_hal.o
 .debug_info    0x00004566     0x2063 ./Drivers/STM32G4xx_HAL_Driver/Src/stm32g4xx_hal_adc.o
 .debug_info    0x000065c9     0x1d80 ./Drivers/STM32G4xx_HAL_Driver/Src/stm32g4xx_hal_adc_ex.o
 .debug_info    0x00008349      0xdf9 ./Drivers/STM32G4xx_HAL_Driver/Src/stm32g4xx_hal_cortex.o
 .debug_info    0x00009142      0x763 ./Drivers/STM32G4xx_HAL_Driver/Src/stm32g4xx_hal_gpio.o
 .debug_info    0x000098a5      0x93f ./Drivers/STM32G4xx_HAL_Driver/Src/stm32g4xx_hal_pwr_ex.o
 .debug_info    0x0000a1e4      0xbe0 ./Drivers/STM32G4xx_HAL_Driver/Src/stm32g4xx_hal_rcc.o
 .debug_info    0x0000adc4      0xc45 ./Drivers/STM32G4xx_HAL_Driver/Src/stm32g4xx_hal_rcc_ex.o

.debug_abbrev   0x00000000     0x1e56
 .debug_abbrev  0x00000000      0x258 ./Core/Src/SPX24.o
 .debug_abbrev  0x00000258      0x2ed ./Core/Src/main.o
 .debug_abbrev  0x00000545      0x1e1 ./Core/Src/stm32g4xx_hal_msp.o
 .debug_abbrev  0x00000726      0x18c ./Core/Src/stm32g4xx_it.o
 .debug_abbrev  0x000008b2      0x11a ./Core/Src/system_stm32g4xx.o
 .debug_abbrev  0x000009cc       0x24 ./Core/Startup/startup_stm32g474retx.o
 .debug_abbrev  0x000009f0      0x271 ./Drivers/STM32G4xx_HAL_Driver/Src/stm32g4xx_hal.o
 .debug_abbrev  0x00000c61      0x2d3 ./Drivers/STM32G4xx_HAL_Driver/Src/stm32g4xx_hal_adc.o
 .debug_abbrev  0x00000f34      0x2ee ./Drivers/STM32G4xx_HAL_Driver/Src/stm32g4xx_hal_adc_ex.o
 .debug_abbrev  0x00001222      0x31c ./Drivers/STM32G4xx_HAL_Driver/Src/stm32g4xx_hal_cortex.o
 .debug_abbrev  0x0000153e      0x1cb ./Drivers/STM32G4xx_HAL_Driver/Src/stm32g4xx_hal_gpio.o
 .debug_abbrev  0x00001709      0x22c ./Drivers/STM32G4xx_HAL_Driver/Src/stm32g4xx_hal_pwr_ex.o
 .debug_abbrev  0x00001935      0x2c9 ./Drivers/STM32G4xx_HAL_Driver/Src/stm32g4xx_hal_rcc.o
 .debug_abbrev  0x00001bfe      0x258 ./Drivers/STM32G4xx_HAL_Driver/Src/stm32g4xx_hal_rcc_ex.o

.debug_aranges  0x00000000      0xae0
 .debug_aranges
                0x00000000       0x48 ./Core/Src/SPX24.o
 .debug_aranges
                0x00000048       0x50 ./Core/Src/main.o
 .debug_aranges
                0x00000098       0x30 ./Core/Src/stm32g4xx_hal_msp.o
 .debug_aranges
                0x000000c8       0x70 ./Core/Src/stm32g4xx_it.o
 .debug_aranges
                0x00000138       0x28 ./Core/Src/system_stm32g4xx.o
 .debug_aranges
                0x00000160       0x28 ./Core/Startup/startup_stm32g474retx.o
 .debug_aranges
                0x00000188      0x148 ./Drivers/STM32G4xx_HAL_Driver/Src/stm32g4xx_hal.o
 .debug_aranges
                0x000002d0      0x248 ./Drivers/STM32G4xx_HAL_Driver/Src/stm32g4xx_hal_adc.o
 .debug_aranges
                0x00000518      0x1c0 ./Drivers/STM32G4xx_HAL_Driver/Src/stm32g4xx_hal_adc_ex.o
 .debug_aranges
                0x000006d8      0x128 ./Drivers/STM32G4xx_HAL_Driver/Src/stm32g4xx_hal_cortex.o
 .debug_aranges
                0x00000800       0x58 ./Drivers/STM32G4xx_HAL_Driver/Src/stm32g4xx_hal_gpio.o
 .debug_aranges
                0x00000858      0x140 ./Drivers/STM32G4xx_HAL_Driver/Src/stm32g4xx_hal_pwr_ex.o
 .debug_aranges
                0x00000998       0x98 ./Drivers/STM32G4xx_HAL_Driver/Src/stm32g4xx_hal_rcc.o
 .debug_aranges
                0x00000a30       0xb0 ./Drivers/STM32G4xx_HAL_Driver/Src/stm32g4xx_hal_rcc_ex.o

.debug_rnglists
                0x00000000      0x820
 .debug_rnglists
                0x00000000       0x33 ./Core/Src/SPX24.o
 .debug_rnglists
                0x00000033       0x3b ./Core/Src/main.o
 .debug_rnglists
                0x0000006e       0x20 ./Core/Src/stm32g4xx_hal_msp.o
 .debug_rnglists
                0x0000008e       0x4f ./Core/Src/stm32g4xx_it.o
 .debug_rnglists
                0x000000dd       0x1a ./Core/Src/system_stm32g4xx.o
 .debug_rnglists
                0x000000f7       0x19 ./Core/Startup/startup_stm32g474retx.o
 .debug_rnglists
                0x00000110       0xf1 ./Drivers/STM32G4xx_HAL_Driver/Src/stm32g4xx_hal.o
 .debug_rnglists
                0x00000201      0x1c0 ./Drivers/STM32G4xx_HAL_Driver/Src/stm32g4xx_hal_adc.o
 .debug_rnglists
                0x000003c1      0x15a ./Drivers/STM32G4xx_HAL_Driver/Src/stm32g4xx_hal_adc_ex.o
 .debug_rnglists
                0x0000051b       0xda ./Drivers/STM32G4xx_HAL_Driver/Src/stm32g4xx_hal_cortex.o
 .debug_rnglists
                0x000005f5       0x3f ./Drivers/STM32G4xx_HAL_Driver/Src/stm32g4xx_hal_gpio.o
 .debug_rnglists
                0x00000634       0xf1 ./Drivers/STM32G4xx_HAL_Driver/Src/stm32g4xx_hal_pwr_ex.o
 .debug_rnglists
                0x00000725       0x74 ./Drivers/STM32G4xx_HAL_Driver/Src/stm32g4xx_hal_rcc.o
 .debug_rnglists
                0x00000799       0x87 ./Drivers/STM32G4xx_HAL_Driver/Src/stm32g4xx_hal_rcc_ex.o

.debug_macro    0x00000000    0x28867
 .debug_macro   0x00000000      0x310 ./Core/Src/SPX24.o
 .debug_macro   0x00000310      0xb8c ./Core/Src/SPX24.o
 .debug_macro   0x00000e9c      0x155 ./Core/Src/SPX24.o
 .debug_macro   0x00000ff1       0x2e ./Core/Src/SPX24.o
 .debug_macro   0x0000101f       0x28 ./Core/Src/SPX24.o
 .debug_macro   0x00001047       0x1c ./Core/Src/SPX24.o
 .debug_macro   0x00001063       0x22 ./Core/Src/SPX24.o
 .debug_macro   0x00001085       0x8e ./Core/Src/SPX24.o
 .debug_macro   0x00001113       0x51 ./Core/Src/SPX24.o
 .debug_macro   0x00001164      0x103 ./Core/Src/SPX24.o
 .debug_macro   0x00001267       0x6a ./Core/Src/SPX24.o
 .debug_macro   0x000012d1      0x1df ./Core/Src/SPX24.o
 .debug_macro   0x000014b0       0x1c ./Core/Src/SPX24.o
 .debug_macro   0x000014cc       0x22 ./Core/Src/SPX24.o
 .debug_macro   0x000014ee       0xfb ./Core/Src/SPX24.o
 .debug_macro   0x000015e9     0x1011 ./Core/Src/SPX24.o
 .debug_macro   0x000025fa      0x11f ./Core/Src/SPX24.o
 .debug_macro   0x00002719    0x18b8c ./Core/Src/SPX24.o
 .debug_macro   0x0001b2a5       0x6d ./Core/Src/SPX24.o
 .debug_macro   0x0001b312     0x3558 ./Core/Src/SPX24.o
 .debug_macro   0x0001e86a      0x190 ./Core/Src/SPX24.o
 .debug_macro   0x0001e9fa       0x5c ./Core/Src/SPX24.o
 .debug_macro   0x0001ea56     0x171f ./Core/Src/SPX24.o
 .debug_macro   0x00020175      0x600 ./Core/Src/SPX24.o
 .debug_macro   0x00020775      0x1b6 ./Core/Src/SPX24.o
 .debug_macro   0x0002092b      0x34a ./Core/Src/SPX24.o
 .debug_macro   0x00020c75      0x53c ./Core/Src/SPX24.o
 .debug_macro   0x000211b1      0x18b ./Core/Src/SPX24.o
 .debug_macro   0x0002133c       0x43 ./Core/Src/SPX24.o
 .debug_macro   0x0002137f      0x23d ./Core/Src/SPX24.o
 .debug_macro   0x000215bc     0x1112 ./Core/Src/SPX24.o
 .debug_macro   0x000226ce      0x72e ./Core/Src/SPX24.o
 .debug_macro   0x00022dfc      0x391 ./Core/Src/SPX24.o
 .debug_macro   0x0002318d      0x211 ./Core/Src/SPX24.o
 .debug_macro   0x0002339e      0x45c ./Core/Src/SPX24.o
 .debug_macro   0x000237fa      0x11c ./Core/Src/SPX24.o
 .debug_macro   0x00023916      0x122 ./Core/Src/SPX24.o
 .debug_macro   0x00023a38      0x3d1 ./Core/Src/SPX24.o
 .debug_macro   0x00023e09      0x358 ./Core/Src/SPX24.o
 .debug_macro   0x00024161      0x1d6 ./Core/Src/SPX24.o
 .debug_macro   0x00024337       0x10 ./Core/Src/SPX24.o
 .debug_macro   0x00024347      0x417 ./Core/Src/SPX24.o
 .debug_macro   0x0002475e       0x18 ./Core/Src/SPX24.o
 .debug_macro   0x00024776       0x61 ./Core/Src/SPX24.o
 .debug_macro   0x000247d7       0x2a ./Core/Src/SPX24.o
 .debug_macro   0x00024801       0x43 ./Core/Src/SPX24.o
 .debug_macro   0x00024844       0x34 ./Core/Src/SPX24.o
 .debug_macro   0x00024878       0x16 ./Core/Src/SPX24.o
 .debug_macro   0x0002488e       0x43 ./Core/Src/SPX24.o
 .debug_macro   0x000248d1       0x34 ./Core/Src/SPX24.o
 .debug_macro   0x00024905       0x10 ./Core/Src/SPX24.o
 .debug_macro   0x00024915       0x58 ./Core/Src/SPX24.o
 .debug_macro   0x0002496d       0x8e ./Core/Src/SPX24.o
 .debug_macro   0x000249fb       0x16 ./Core/Src/SPX24.o
 .debug_macro   0x00024a11      0x177 ./Core/Src/SPX24.o
 .debug_macro   0x00024b88      0x38c ./Core/Src/SPX24.o
 .debug_macro   0x00024f14      0x194 ./Core/Src/SPX24.o
 .debug_macro   0x000250a8       0x10 ./Core/Src/SPX24.o
 .debug_macro   0x000250b8       0x16 ./Core/Src/SPX24.o
 .debug_macro   0x000250ce       0x35 ./Core/Src/SPX24.o
 .debug_macro   0x00025103       0x16 ./Core/Src/SPX24.o
 .debug_macro   0x00025119       0x29 ./Core/Src/SPX24.o
 .debug_macro   0x00025142       0x10 ./Core/Src/SPX24.o
 .debug_macro   0x00025152      0x3c7 ./Core/Src/SPX24.o
 .debug_macro   0x00025519      0x1e7 ./Core/Src/main.o
 .debug_macro   0x00025700       0x3a ./Core/Src/main.o
 .debug_macro   0x0002573a      0x1d8 ./Core/Src/stm32g4xx_hal_msp.o
 .debug_macro   0x00025912      0xab4 ./Core/Src/stm32g4xx_hal_msp.o
 .debug_macro   0x000263c6     0x1011 ./Core/Src/stm32g4xx_hal_msp.o
 .debug_macro   0x000273d7      0x189 ./Core/Src/stm32g4xx_hal_msp.o
 .debug_macro   0x00027560      0x1e2 ./Core/Src/stm32g4xx_it.o
 .debug_macro   0x00027742      0x1c9 ./Core/Src/system_stm32g4xx.o
 .debug_macro   0x0002790b      0x217 ./Drivers/STM32G4xx_HAL_Driver/Src/stm32g4xx_hal.o
 .debug_macro   0x00027b22      0x1e6 ./Drivers/STM32G4xx_HAL_Driver/Src/stm32g4xx_hal_adc.o
 .debug_macro   0x00027d08      0x1d5 ./Drivers/STM32G4xx_HAL_Driver/Src/stm32g4xx_hal_adc_ex.o
 .debug_macro   0x00027edd      0x1c9 ./Drivers/STM32G4xx_HAL_Driver/Src/stm32g4xx_hal_cortex.o
 .debug_macro   0x000280a6      0x1d0 ./Drivers/STM32G4xx_HAL_Driver/Src/stm32g4xx_hal_gpio.o
 .debug_macro   0x00028276      0x1f3 ./Drivers/STM32G4xx_HAL_Driver/Src/stm32g4xx_hal_pwr_ex.o
 .debug_macro   0x00028469      0x20b ./Drivers/STM32G4xx_HAL_Driver/Src/stm32g4xx_hal_rcc.o
 .debug_macro   0x00028674      0x1f3 ./Drivers/STM32G4xx_HAL_Driver/Src/stm32g4xx_hal_rcc_ex.o

.debug_line     0x00000000     0xc0be
 .debug_line    0x00000000      0xdfd ./Core/Src/SPX24.o
 .debug_line    0x00000dfd      0x8ff ./Core/Src/main.o
 .debug_line    0x000016fc      0x7b4 ./Core/Src/stm32g4xx_hal_msp.o
 .debug_line    0x00001eb0      0x847 ./Core/Src/stm32g4xx_it.o
 .debug_line    0x000026f7      0x7c1 ./Core/Src/system_stm32g4xx.o
 .debug_line    0x00002eb8       0x7b ./Core/Startup/startup_stm32g474retx.o
 .debug_line    0x00002f33      0xb7d ./Drivers/STM32G4xx_HAL_Driver/Src/stm32g4xx_hal.o
 .debug_line    0x00003ab0     0x22a6 ./Drivers/STM32G4xx_HAL_Driver/Src/stm32g4xx_hal_adc.o
 .debug_line    0x00005d56     0x1c35 ./Drivers/STM32G4xx_HAL_Driver/Src/stm32g4xx_hal_adc_ex.o
 .debug_line    0x0000798b      0xd10 ./Drivers/STM32G4xx_HAL_Driver/Src/stm32g4xx_hal_cortex.o
 .debug_line    0x0000869b      0xb96 ./Drivers/STM32G4xx_HAL_Driver/Src/stm32g4xx_hal_gpio.o
 .debug_line    0x00009231      0xcec ./Drivers/STM32G4xx_HAL_Driver/Src/stm32g4xx_hal_pwr_ex.o
 .debug_line    0x00009f1d      0xf48 ./Drivers/STM32G4xx_HAL_Driver/Src/stm32g4xx_hal_rcc.o
 .debug_line    0x0000ae65     0x1259 ./Drivers/STM32G4xx_HAL_Driver/Src/stm32g4xx_hal_rcc_ex.o

.debug_str      0x00000000    0xfc30d
 .debug_str     0x00000000    0xf8273 ./Core/Src/SPX24.o
                              0xf88a0 (size before relaxing)
 .debug_str     0x000f8273     0x10ac ./Core/Src/main.o
                              0xf413d (size before relaxing)
 .debug_str     0x000f931f      0x46c ./Core/Src/stm32g4xx_hal_msp.o
                              0xf387b (size before relaxing)
 .debug_str     0x000f978b      0x118 ./Core/Src/stm32g4xx_it.o
                              0xf2f12 (size before relaxing)
 .debug_str     0x000f98a3       0xe5 ./Core/Src/system_stm32g4xx.o
                              0xf2995 (size before relaxing)
 .debug_str     0x000f9988       0x44 ./Core/Startup/startup_stm32g474retx.o
                                 0x63 (size before relaxing)
 .debug_str     0x000f99cc      0x5e7 ./Drivers/STM32G4xx_HAL_Driver/Src/stm32g4xx_hal.o
                              0xf36a7 (size before relaxing)
 .debug_str     0x000f9fb3      0xadc ./Drivers/STM32G4xx_HAL_Driver/Src/stm32g4xx_hal_adc.o
                              0xf39c2 (size before relaxing)
 .debug_str     0x000faa8f      0x691 ./Drivers/STM32G4xx_HAL_Driver/Src/stm32g4xx_hal_adc_ex.o
                              0xf3968 (size before relaxing)
 .debug_str     0x000fb120      0x35a ./Drivers/STM32G4xx_HAL_Driver/Src/stm32g4xx_hal_cortex.o
                              0xf3363 (size before relaxing)
 .debug_str     0x000fb47a       0xef ./Drivers/STM32G4xx_HAL_Driver/Src/stm32g4xx_hal_gpio.o
                              0xf2b20 (size before relaxing)
 .debug_str     0x000fb569      0x495 ./Drivers/STM32G4xx_HAL_Driver/Src/stm32g4xx_hal_pwr_ex.o
                              0xf2e83 (size before relaxing)
 .debug_str     0x000fb9fe      0x4fb ./Drivers/STM32G4xx_HAL_Driver/Src/stm32g4xx_hal_rcc.o
                              0xf30b4 (size before relaxing)
 .debug_str     0x000fbef9      0x414 ./Drivers/STM32G4xx_HAL_Driver/Src/stm32g4xx_hal_rcc_ex.o
                              0xf30de (size before relaxing)

.comment        0x00000000       0x43
 .comment       0x00000000       0x43 ./Core/Src/SPX24.o
                                 0x44 (size before relaxing)
 .comment       0x00000043       0x44 ./Core/Src/main.o
 .comment       0x00000043       0x44 ./Core/Src/stm32g4xx_hal_msp.o
 .comment       0x00000043       0x44 ./Core/Src/stm32g4xx_it.o
 .comment       0x00000043       0x44 ./Core/Src/system_stm32g4xx.o
 .comment       0x00000043       0x44 ./Drivers/STM32G4xx_HAL_Driver/Src/stm32g4xx_hal.o
 .comment       0x00000043       0x44 ./Drivers/STM32G4xx_HAL_Driver/Src/stm32g4xx_hal_adc.o
 .comment       0x00000043       0x44 ./Drivers/STM32G4xx_HAL_Driver/Src/stm32g4xx_hal_adc_ex.o
 .comment       0x00000043       0x44 ./Drivers/STM32G4xx_HAL_Driver/Src/stm32g4xx_hal_cortex.o
 .comment       0x00000043       0x44 ./Drivers/STM32G4xx_HAL_Driver/Src/stm32g4xx_hal_gpio.o
 .comment       0x00000043       0x44 ./Drivers/STM32G4xx_HAL_Driver/Src/stm32g4xx_hal_pwr_ex.o
 .comment       0x00000043       0x44 ./Drivers/STM32G4xx_HAL_Driver/Src/stm32g4xx_hal_rcc.o
 .comment       0x00000043       0x44 ./Drivers/STM32G4xx_HAL_Driver/Src/stm32g4xx_hal_rcc_ex.o

.debug_frame    0x00000000     0x2c44
 .debug_frame   0x00000000       0xe8 ./Core/Src/SPX24.o
 .debug_frame   0x000000e8       0xfc ./Core/Src/main.o
 .debug_frame   0x000001e4       0x80 ./Core/Src/stm32g4xx_hal_msp.o
 .debug_frame   0x00000264      0x13c ./Core/Src/stm32g4xx_it.o
 .debug_frame   0x000003a0       0x58 ./Core/Src/system_stm32g4xx.o
 .debug_frame   0x000003f8      0x500 ./Drivers/STM32G4xx_HAL_Driver/Src/stm32g4xx_hal.o
 .debug_frame   0x000008f8      0xacc ./Drivers/STM32G4xx_HAL_Driver/Src/stm32g4xx_hal_adc.o
 .debug_frame   0x000013c4      0x81c ./Drivers/STM32G4xx_HAL_Driver/Src/stm32g4xx_hal_adc_ex.o
 .debug_frame   0x00001be0      0x4e8 ./Drivers/STM32G4xx_HAL_Driver/Src/stm32g4xx_hal_cortex.o
 .debug_frame   0x000020c8      0x14c ./Drivers/STM32G4xx_HAL_Driver/Src/stm32g4xx_hal_gpio.o
 .debug_frame   0x00002214      0x4fc ./Drivers/STM32G4xx_HAL_Driver/Src/stm32g4xx_hal_pwr_ex.o
 .debug_frame   0x00002710      0x23c ./Drivers/STM32G4xx_HAL_Driver/Src/stm32g4xx_hal_rcc.o
 .debug_frame   0x0000294c      0x2ac ./Drivers/STM32G4xx_HAL_Driver/Src/stm32g4xx_hal_rcc_ex.o
 .debug_frame   0x00002bf8       0x20 E:/cube/STM32CubeIDE_1.16.1/STM32CubeIDE/plugins/com.st.stm32cube.ide.mcu.externaltools.gnu-tools-for-stm32.12.3.rel1.win32_1.0.200.202406191623/tools/bin/../lib/gcc/arm-none-eabi/12.3.1/../../../../arm-none-eabi/lib/thumb/v7e-m+fp/hard\libc_nano.a(libc_a-memset.o)
 .debug_frame   0x00002c18       0x2c E:/cube/STM32CubeIDE_1.16.1/STM32CubeIDE/plugins/com.st.stm32cube.ide.mcu.externaltools.gnu-tools-for-stm32.12.3.rel1.win32_1.0.200.202406191623/tools/bin/../lib/gcc/arm-none-eabi/12.3.1/../../../../arm-none-eabi/lib/thumb/v7e-m+fp/hard\libc_nano.a(libc_a-init.o)

.debug_line_str
                0x00000000       0x47
 .debug_line_str
                0x00000000       0x47 ./Core/Startup/startup_stm32g474retx.o
