../Core/Src/main.cpp:79:6:void update_click(GPIO_TypeDef*, uint16_t)	16	static
../Core/Src/main.cpp:90:6:void update_area()	16	static
../Core/Src/main.cpp:105:9:uint8_t greenStep(uint8_t)	16	static
../Core/Src/main.cpp:114:9:uint8_t redStep(uint8_t)	16	static
../Core/Src/main.cpp:124:9:uint8_t blueStep(uint8_t, uint8_t)	16	static
../Core/Src/main.cpp:139:5:int modulation(LED*, int, int)	24	static
../Core/Src/main.cpp:151:6:void HAL_TIM_PWM_PulseFinishedCallback(TIM_HandleTypeDef*)	16	static
../Core/Src/main.cpp:165:5:int main()	272	static
../Core/Src/main.cpp:224:6:void SystemClock_Config()	88	static
../Core/Src/main.cpp:265:13:void MX_TIM4_Init()	48	static
../Core/Src/main.cpp:312:13:void MX_DMA_Init()	16	static
../Core/Src/main.cpp:331:13:void MX_GPIO_Init()	40	static
../Core/Src/main.cpp:359:6:void Error_Handler()	4	static,ignoring_inline_asm
../Core/Inc/WS2812B.hpp:55:2:Strip<N>::Strip(TIM_HandleTypeDef*, uint32_t) [with int N = 10]	24	static
../Core/Inc/WS2812B.hpp:74:7:void Strip<N>::setLedCallback(int (*)(LED*, int, int)) [with int N = 10]	16	static
../Core/Inc/WS2812B.hpp:84:7:void Strip<N>::run() [with int N = 10]	32	static
../Core/Inc/WS2812B.hpp:108:7:void Strip<N>::_convert(LED, int) [with int N = 10]	32	static
