../Core/Src/main.cpp:67:6:void update_click()	8	static
../Core/Src/main.cpp:72:6:void update_area()	16	static
../Core/Src/main.cpp:82:9:uint8_t greenStep(uint8_t)	16	static
../Core/Src/main.cpp:86:9:uint8_t redStep(uint8_t)	16	static
../Core/Src/main.cpp:91:9:uint8_t blueStep(uint8_t, uint8_t)	16	static
../Core/Src/main.cpp:101:5:int modulation(LED*, int, int)	24	static
../Core/Src/main.cpp:108:6:void HAL_TIM_PWM_PulseFinishedCallback(TIM_HandleTypeDef*)	16	static
../Core/Src/main.cpp:122:5:int main()	272	static
../Core/Src/main.cpp:174:6:void SystemClock_Config()	88	static
../Core/Src/main.cpp:215:13:void MX_TIM4_Init()	48	static
../Core/Src/main.cpp:262:13:void MX_DMA_Init()	16	static
../Core/Src/main.cpp:281:13:void MX_GPIO_Init()	40	static
../Core/Src/main.cpp:309:6:void Error_Handler()	4	static,ignoring_inline_asm
../Core/Inc/WS2812B.hpp:55:2:Strip<N>::Strip(TIM_HandleTypeDef*, uint32_t) [with int N = 10]	24	static
../Core/Inc/WS2812B.hpp:75:7:void Strip<N>::setLedCallback(int (*)(LED*, int, int)) [with int N = 10]	16	static
../Core/Inc/WS2812B.hpp:79:7:void Strip<N>::run() [with int N = 10]	32	static
../Core/Inc/WS2812B.hpp:102:7:void Strip<N>::_convert(LED, int) [with int N = 10]	32	static
